Archive member included to satisfy reference by file (symbol)

d:/st/stm32cubeide_1.9.0/stm32cubeide/plugins/com.st.stm32cube.ide.mcu.externaltools.gnu-tools-for-stm32.10.3-2021.10.win32_1.0.0.202111181127/tools/bin/../lib/gcc/arm-none-eabi/10.3.1/../../../../arm-none-eabi/lib/thumb/v7e-m/nofp\libc_nano.a(lib_a-errno.o)
                              ./Src/syscalls.o (__errno)
d:/st/stm32cubeide_1.9.0/stm32cubeide/plugins/com.st.stm32cube.ide.mcu.externaltools.gnu-tools-for-stm32.10.3-2021.10.win32_1.0.0.202111181127/tools/bin/../lib/gcc/arm-none-eabi/10.3.1/../../../../arm-none-eabi/lib/thumb/v7e-m/nofp\libc_nano.a(lib_a-exit.o)
                              d:/st/stm32cubeide_1.9.0/stm32cubeide/plugins/com.st.stm32cube.ide.mcu.externaltools.gnu-tools-for-stm32.10.3-2021.10.win32_1.0.0.202111181127/tools/bin/../lib/gcc/arm-none-eabi/10.3.1/../../../../arm-none-eabi/lib/thumb/v7e-m/nofp/crt0.o (exit)
d:/st/stm32cubeide_1.9.0/stm32cubeide/plugins/com.st.stm32cube.ide.mcu.externaltools.gnu-tools-for-stm32.10.3-2021.10.win32_1.0.0.202111181127/tools/bin/../lib/gcc/arm-none-eabi/10.3.1/../../../../arm-none-eabi/lib/thumb/v7e-m/nofp\libc_nano.a(lib_a-impure.o)
                              d:/st/stm32cubeide_1.9.0/stm32cubeide/plugins/com.st.stm32cube.ide.mcu.externaltools.gnu-tools-for-stm32.10.3-2021.10.win32_1.0.0.202111181127/tools/bin/../lib/gcc/arm-none-eabi/10.3.1/../../../../arm-none-eabi/lib/thumb/v7e-m/nofp\libc_nano.a(lib_a-exit.o) (_global_impure_ptr)
d:/st/stm32cubeide_1.9.0/stm32cubeide/plugins/com.st.stm32cube.ide.mcu.externaltools.gnu-tools-for-stm32.10.3-2021.10.win32_1.0.0.202111181127/tools/bin/../lib/gcc/arm-none-eabi/10.3.1/../../../../arm-none-eabi/lib/thumb/v7e-m/nofp\libc_nano.a(lib_a-init.o)
                              d:/st/stm32cubeide_1.9.0/stm32cubeide/plugins/com.st.stm32cube.ide.mcu.externaltools.gnu-tools-for-stm32.10.3-2021.10.win32_1.0.0.202111181127/tools/bin/../lib/gcc/arm-none-eabi/10.3.1/../../../../arm-none-eabi/lib/thumb/v7e-m/nofp/crt0.o (__libc_init_array)
d:/st/stm32cubeide_1.9.0/stm32cubeide/plugins/com.st.stm32cube.ide.mcu.externaltools.gnu-tools-for-stm32.10.3-2021.10.win32_1.0.0.202111181127/tools/bin/../lib/gcc/arm-none-eabi/10.3.1/../../../../arm-none-eabi/lib/thumb/v7e-m/nofp\libc_nano.a(lib_a-memset.o)
                              d:/st/stm32cubeide_1.9.0/stm32cubeide/plugins/com.st.stm32cube.ide.mcu.externaltools.gnu-tools-for-stm32.10.3-2021.10.win32_1.0.0.202111181127/tools/bin/../lib/gcc/arm-none-eabi/10.3.1/../../../../arm-none-eabi/lib/thumb/v7e-m/nofp/crt0.o (memset)

Discarded input sections

 .text          0x0000000000000000        0x0 d:/st/stm32cubeide_1.9.0/stm32cubeide/plugins/com.st.stm32cube.ide.mcu.externaltools.gnu-tools-for-stm32.10.3-2021.10.win32_1.0.0.202111181127/tools/bin/../lib/gcc/arm-none-eabi/10.3.1/thumb/v7e-m/nofp/crti.o
 .data          0x0000000000000000        0x0 d:/st/stm32cubeide_1.9.0/stm32cubeide/plugins/com.st.stm32cube.ide.mcu.externaltools.gnu-tools-for-stm32.10.3-2021.10.win32_1.0.0.202111181127/tools/bin/../lib/gcc/arm-none-eabi/10.3.1/thumb/v7e-m/nofp/crti.o
 .bss           0x0000000000000000        0x0 d:/st/stm32cubeide_1.9.0/stm32cubeide/plugins/com.st.stm32cube.ide.mcu.externaltools.gnu-tools-for-stm32.10.3-2021.10.win32_1.0.0.202111181127/tools/bin/../lib/gcc/arm-none-eabi/10.3.1/thumb/v7e-m/nofp/crti.o
 .data          0x0000000000000000        0x4 d:/st/stm32cubeide_1.9.0/stm32cubeide/plugins/com.st.stm32cube.ide.mcu.externaltools.gnu-tools-for-stm32.10.3-2021.10.win32_1.0.0.202111181127/tools/bin/../lib/gcc/arm-none-eabi/10.3.1/thumb/v7e-m/nofp/crtbegin.o
 .rodata        0x0000000000000000       0x24 d:/st/stm32cubeide_1.9.0/stm32cubeide/plugins/com.st.stm32cube.ide.mcu.externaltools.gnu-tools-for-stm32.10.3-2021.10.win32_1.0.0.202111181127/tools/bin/../lib/gcc/arm-none-eabi/10.3.1/thumb/v7e-m/nofp/crtbegin.o
 .text          0x0000000000000000       0x7c d:/st/stm32cubeide_1.9.0/stm32cubeide/plugins/com.st.stm32cube.ide.mcu.externaltools.gnu-tools-for-stm32.10.3-2021.10.win32_1.0.0.202111181127/tools/bin/../lib/gcc/arm-none-eabi/10.3.1/../../../../arm-none-eabi/lib/thumb/v7e-m/nofp/crt0.o
 .data          0x0000000000000000        0x0 d:/st/stm32cubeide_1.9.0/stm32cubeide/plugins/com.st.stm32cube.ide.mcu.externaltools.gnu-tools-for-stm32.10.3-2021.10.win32_1.0.0.202111181127/tools/bin/../lib/gcc/arm-none-eabi/10.3.1/../../../../arm-none-eabi/lib/thumb/v7e-m/nofp/crt0.o
 .bss           0x0000000000000000        0x0 d:/st/stm32cubeide_1.9.0/stm32cubeide/plugins/com.st.stm32cube.ide.mcu.externaltools.gnu-tools-for-stm32.10.3-2021.10.win32_1.0.0.202111181127/tools/bin/../lib/gcc/arm-none-eabi/10.3.1/../../../../arm-none-eabi/lib/thumb/v7e-m/nofp/crt0.o
 .ARM.extab     0x0000000000000000        0x0 d:/st/stm32cubeide_1.9.0/stm32cubeide/plugins/com.st.stm32cube.ide.mcu.externaltools.gnu-tools-for-stm32.10.3-2021.10.win32_1.0.0.202111181127/tools/bin/../lib/gcc/arm-none-eabi/10.3.1/../../../../arm-none-eabi/lib/thumb/v7e-m/nofp/crt0.o
 .ARM.exidx     0x0000000000000000       0x10 d:/st/stm32cubeide_1.9.0/stm32cubeide/plugins/com.st.stm32cube.ide.mcu.externaltools.gnu-tools-for-stm32.10.3-2021.10.win32_1.0.0.202111181127/tools/bin/../lib/gcc/arm-none-eabi/10.3.1/../../../../arm-none-eabi/lib/thumb/v7e-m/nofp/crt0.o
 .ARM.attributes
                0x0000000000000000       0x1c d:/st/stm32cubeide_1.9.0/stm32cubeide/plugins/com.st.stm32cube.ide.mcu.externaltools.gnu-tools-for-stm32.10.3-2021.10.win32_1.0.0.202111181127/tools/bin/../lib/gcc/arm-none-eabi/10.3.1/../../../../arm-none-eabi/lib/thumb/v7e-m/nofp/crt0.o
 .group         0x0000000000000000        0xc ./Src/am2302.o
 .group         0x0000000000000000        0xc ./Src/am2302.o
 .group         0x0000000000000000        0xc ./Src/am2302.o
 .group         0x0000000000000000        0xc ./Src/am2302.o
 .group         0x0000000000000000        0xc ./Src/am2302.o
 .group         0x0000000000000000        0xc ./Src/am2302.o
 .group         0x0000000000000000        0xc ./Src/am2302.o
 .group         0x0000000000000000        0xc ./Src/am2302.o
 .text          0x0000000000000000        0x0 ./Src/am2302.o
 .data          0x0000000000000000        0x0 ./Src/am2302.o
 .bss           0x0000000000000000        0x0 ./Src/am2302.o
 .group         0x0000000000000000        0xc ./Src/int.o
 .group         0x0000000000000000        0xc ./Src/int.o
 .group         0x0000000000000000        0xc ./Src/int.o
 .group         0x0000000000000000        0xc ./Src/int.o
 .group         0x0000000000000000        0xc ./Src/int.o
 .group         0x0000000000000000        0xc ./Src/int.o
 .group         0x0000000000000000        0xc ./Src/int.o
 .text          0x0000000000000000        0x0 ./Src/int.o
 .data          0x0000000000000000        0x0 ./Src/int.o
 .bss           0x0000000000000000        0x0 ./Src/int.o
 .debug_macro   0x0000000000000000      0xa78 ./Src/int.o
 .debug_macro   0x0000000000000000       0x22 ./Src/int.o
 .debug_macro   0x0000000000000000       0x8e ./Src/int.o
 .debug_macro   0x0000000000000000       0x51 ./Src/int.o
 .debug_macro   0x0000000000000000      0x103 ./Src/int.o
 .debug_macro   0x0000000000000000       0x6a ./Src/int.o
 .debug_macro   0x0000000000000000      0x1df ./Src/int.o
 .group         0x0000000000000000        0xc ./Src/main.o
 .group         0x0000000000000000        0xc ./Src/main.o
 .group         0x0000000000000000        0xc ./Src/main.o
 .group         0x0000000000000000        0xc ./Src/main.o
 .group         0x0000000000000000        0xc ./Src/main.o
 .group         0x0000000000000000        0xc ./Src/main.o
 .group         0x0000000000000000        0xc ./Src/main.o
 .group         0x0000000000000000        0xc ./Src/main.o
 .group         0x0000000000000000        0xc ./Src/main.o
 .text          0x0000000000000000        0x0 ./Src/main.o
 .data          0x0000000000000000        0x0 ./Src/main.o
 .bss           0x0000000000000000        0x0 ./Src/main.o
 .debug_macro   0x0000000000000000      0xa78 ./Src/main.o
 .debug_macro   0x0000000000000000       0x22 ./Src/main.o
 .debug_macro   0x0000000000000000       0x8e ./Src/main.o
 .debug_macro   0x0000000000000000       0x51 ./Src/main.o
 .debug_macro   0x0000000000000000      0x103 ./Src/main.o
 .debug_macro   0x0000000000000000       0x6a ./Src/main.o
 .debug_macro   0x0000000000000000      0x1df ./Src/main.o
 .debug_macro   0x0000000000000000       0x16 ./Src/main.o
 .group         0x0000000000000000        0xc ./Src/onewire.o
 .group         0x0000000000000000        0xc ./Src/onewire.o
 .group         0x0000000000000000        0xc ./Src/onewire.o
 .group         0x0000000000000000        0xc ./Src/onewire.o
 .group         0x0000000000000000        0xc ./Src/onewire.o
 .group         0x0000000000000000        0xc ./Src/onewire.o
 .group         0x0000000000000000        0xc ./Src/onewire.o
 .group         0x0000000000000000        0xc ./Src/onewire.o
 .text          0x0000000000000000        0x0 ./Src/onewire.o
 .data          0x0000000000000000        0x0 ./Src/onewire.o
 .bss           0x0000000000000000        0x0 ./Src/onewire.o
 .debug_macro   0x0000000000000000      0xa78 ./Src/onewire.o
 .debug_macro   0x0000000000000000       0x22 ./Src/onewire.o
 .debug_macro   0x0000000000000000       0x8e ./Src/onewire.o
 .debug_macro   0x0000000000000000       0x51 ./Src/onewire.o
 .debug_macro   0x0000000000000000      0x103 ./Src/onewire.o
 .debug_macro   0x0000000000000000       0x6a ./Src/onewire.o
 .debug_macro   0x0000000000000000      0x1df ./Src/onewire.o
 .debug_macro   0x0000000000000000       0x16 ./Src/onewire.o
 .group         0x0000000000000000        0xc ./Src/ports.o
 .group         0x0000000000000000        0xc ./Src/ports.o
 .group         0x0000000000000000        0xc ./Src/ports.o
 .group         0x0000000000000000        0xc ./Src/ports.o
 .group         0x0000000000000000        0xc ./Src/ports.o
 .group         0x0000000000000000        0xc ./Src/ports.o
 .group         0x0000000000000000        0xc ./Src/ports.o
 .text          0x0000000000000000        0x0 ./Src/ports.o
 .data          0x0000000000000000        0x0 ./Src/ports.o
 .bss           0x0000000000000000        0x0 ./Src/ports.o
 .debug_macro   0x0000000000000000      0xa78 ./Src/ports.o
 .debug_macro   0x0000000000000000       0x22 ./Src/ports.o
 .debug_macro   0x0000000000000000       0x8e ./Src/ports.o
 .debug_macro   0x0000000000000000       0x51 ./Src/ports.o
 .debug_macro   0x0000000000000000      0x103 ./Src/ports.o
 .debug_macro   0x0000000000000000       0x6a ./Src/ports.o
 .debug_macro   0x0000000000000000      0x1df ./Src/ports.o
 .group         0x0000000000000000        0xc ./Src/projectconf.o
 .group         0x0000000000000000        0xc ./Src/projectconf.o
 .group         0x0000000000000000        0xc ./Src/projectconf.o
 .group         0x0000000000000000        0xc ./Src/projectconf.o
 .group         0x0000000000000000        0xc ./Src/projectconf.o
 .group         0x0000000000000000        0xc ./Src/projectconf.o
 .group         0x0000000000000000        0xc ./Src/projectconf.o
 .group         0x0000000000000000        0xc ./Src/projectconf.o
 .text          0x0000000000000000        0x0 ./Src/projectconf.o
 .data          0x0000000000000000        0x0 ./Src/projectconf.o
 .bss           0x0000000000000000        0x0 ./Src/projectconf.o
 .debug_macro   0x0000000000000000      0xa78 ./Src/projectconf.o
 .debug_macro   0x0000000000000000       0x22 ./Src/projectconf.o
 .debug_macro   0x0000000000000000       0x8e ./Src/projectconf.o
 .debug_macro   0x0000000000000000       0x51 ./Src/projectconf.o
 .debug_macro   0x0000000000000000      0x103 ./Src/projectconf.o
 .debug_macro   0x0000000000000000       0x6a ./Src/projectconf.o
 .debug_macro   0x0000000000000000      0x1df ./Src/projectconf.o
 .debug_macro   0x0000000000000000       0x16 ./Src/projectconf.o
 .group         0x0000000000000000        0xc ./Src/syscalls.o
 .group         0x0000000000000000        0xc ./Src/syscalls.o
 .group         0x0000000000000000        0xc ./Src/syscalls.o
 .group         0x0000000000000000        0xc ./Src/syscalls.o
 .group         0x0000000000000000        0xc ./Src/syscalls.o
 .group         0x0000000000000000        0xc ./Src/syscalls.o
 .group         0x0000000000000000        0xc ./Src/syscalls.o
 .group         0x0000000000000000        0xc ./Src/syscalls.o
 .group         0x0000000000000000        0xc ./Src/syscalls.o
 .group         0x0000000000000000        0xc ./Src/syscalls.o
 .group         0x0000000000000000        0xc ./Src/syscalls.o
 .group         0x0000000000000000        0xc ./Src/syscalls.o
 .group         0x0000000000000000        0xc ./Src/syscalls.o
 .group         0x0000000000000000        0xc ./Src/syscalls.o
 .group         0x0000000000000000        0xc ./Src/syscalls.o
 .group         0x0000000000000000        0xc ./Src/syscalls.o
 .group         0x0000000000000000        0xc ./Src/syscalls.o
 .group         0x0000000000000000        0xc ./Src/syscalls.o
 .group         0x0000000000000000        0xc ./Src/syscalls.o
 .group         0x0000000000000000        0xc ./Src/syscalls.o
 .group         0x0000000000000000        0xc ./Src/syscalls.o
 .group         0x0000000000000000        0xc ./Src/syscalls.o
 .group         0x0000000000000000        0xc ./Src/syscalls.o
 .group         0x0000000000000000        0xc ./Src/syscalls.o
 .group         0x0000000000000000        0xc ./Src/syscalls.o
 .group         0x0000000000000000        0xc ./Src/syscalls.o
 .group         0x0000000000000000        0xc ./Src/syscalls.o
 .group         0x0000000000000000        0xc ./Src/syscalls.o
 .group         0x0000000000000000        0xc ./Src/syscalls.o
 .group         0x0000000000000000        0xc ./Src/syscalls.o
 .group         0x0000000000000000        0xc ./Src/syscalls.o
 .group         0x0000000000000000        0xc ./Src/syscalls.o
 .group         0x0000000000000000        0xc ./Src/syscalls.o
 .group         0x0000000000000000        0xc ./Src/syscalls.o
 .group         0x0000000000000000        0xc ./Src/syscalls.o
 .group         0x0000000000000000        0xc ./Src/syscalls.o
 .group         0x0000000000000000        0xc ./Src/syscalls.o
 .group         0x0000000000000000        0xc ./Src/syscalls.o
 .group         0x0000000000000000        0xc ./Src/syscalls.o
 .group         0x0000000000000000        0xc ./Src/syscalls.o
 .group         0x0000000000000000        0xc ./Src/syscalls.o
 .group         0x0000000000000000        0xc ./Src/syscalls.o
 .group         0x0000000000000000        0xc ./Src/syscalls.o
 .group         0x0000000000000000        0xc ./Src/syscalls.o
 .group         0x0000000000000000        0xc ./Src/syscalls.o
 .group         0x0000000000000000        0xc ./Src/syscalls.o
 .group         0x0000000000000000        0xc ./Src/syscalls.o
 .text          0x0000000000000000        0x0 ./Src/syscalls.o
 .data          0x0000000000000000        0x0 ./Src/syscalls.o
 .bss           0x0000000000000000        0x0 ./Src/syscalls.o
 .bss.__env     0x0000000000000000        0x4 ./Src/syscalls.o
 .data.environ  0x0000000000000000        0x4 ./Src/syscalls.o
 .text.initialise_monitor_handles
                0x0000000000000000        0xc ./Src/syscalls.o
 .text._getpid  0x0000000000000000        0xe ./Src/syscalls.o
 .text._kill    0x0000000000000000       0x20 ./Src/syscalls.o
 .text._exit    0x0000000000000000       0x14 ./Src/syscalls.o
 .text._read    0x0000000000000000       0x3a ./Src/syscalls.o
 .text._write   0x0000000000000000       0x38 ./Src/syscalls.o
 .text._close   0x0000000000000000       0x16 ./Src/syscalls.o
 .text._fstat   0x0000000000000000       0x1e ./Src/syscalls.o
 .text._isatty  0x0000000000000000       0x14 ./Src/syscalls.o
 .text._lseek   0x0000000000000000       0x18 ./Src/syscalls.o
 .text._open    0x0000000000000000       0x1a ./Src/syscalls.o
 .text._wait    0x0000000000000000       0x1e ./Src/syscalls.o
 .text._unlink  0x0000000000000000       0x1e ./Src/syscalls.o
 .text._times   0x0000000000000000       0x16 ./Src/syscalls.o
 .text._stat    0x0000000000000000       0x1e ./Src/syscalls.o
 .text._link    0x0000000000000000       0x20 ./Src/syscalls.o
 .text._fork    0x0000000000000000       0x16 ./Src/syscalls.o
 .text._execve  0x0000000000000000       0x22 ./Src/syscalls.o
 .debug_info    0x0000000000000000      0x6e0 ./Src/syscalls.o
 .debug_abbrev  0x0000000000000000      0x1b3 ./Src/syscalls.o
 .debug_aranges
                0x0000000000000000       0xa8 ./Src/syscalls.o
 .debug_ranges  0x0000000000000000       0x98 ./Src/syscalls.o
 .debug_macro   0x0000000000000000      0x24c ./Src/syscalls.o
 .debug_macro   0x0000000000000000      0xa78 ./Src/syscalls.o
 .debug_macro   0x0000000000000000       0x22 ./Src/syscalls.o
 .debug_macro   0x0000000000000000       0x4c ./Src/syscalls.o
 .debug_macro   0x0000000000000000       0x18 ./Src/syscalls.o
 .debug_macro   0x0000000000000000       0x94 ./Src/syscalls.o
 .debug_macro   0x0000000000000000       0x3c ./Src/syscalls.o
 .debug_macro   0x0000000000000000       0x34 ./Src/syscalls.o
 .debug_macro   0x0000000000000000       0x57 ./Src/syscalls.o
 .debug_macro   0x0000000000000000      0x174 ./Src/syscalls.o
 .debug_macro   0x0000000000000000      0x341 ./Src/syscalls.o
 .debug_macro   0x0000000000000000       0x16 ./Src/syscalls.o
 .debug_macro   0x0000000000000000       0x43 ./Src/syscalls.o
 .debug_macro   0x0000000000000000       0x34 ./Src/syscalls.o
 .debug_macro   0x0000000000000000       0x10 ./Src/syscalls.o
 .debug_macro   0x0000000000000000       0x58 ./Src/syscalls.o
 .debug_macro   0x0000000000000000       0x71 ./Src/syscalls.o
 .debug_macro   0x0000000000000000       0x1c ./Src/syscalls.o
 .debug_macro   0x0000000000000000      0x12a ./Src/syscalls.o
 .debug_macro   0x0000000000000000       0x10 ./Src/syscalls.o
 .debug_macro   0x0000000000000000       0x35 ./Src/syscalls.o
 .debug_macro   0x0000000000000000       0x10 ./Src/syscalls.o
 .debug_macro   0x0000000000000000       0x10 ./Src/syscalls.o
 .debug_macro   0x0000000000000000       0x10 ./Src/syscalls.o
 .debug_macro   0x0000000000000000       0x6a ./Src/syscalls.o
 .debug_macro   0x0000000000000000       0x1c ./Src/syscalls.o
 .debug_macro   0x0000000000000000       0x52 ./Src/syscalls.o
 .debug_macro   0x0000000000000000       0x22 ./Src/syscalls.o
 .debug_macro   0x0000000000000000       0x10 ./Src/syscalls.o
 .debug_macro   0x0000000000000000       0x52 ./Src/syscalls.o
 .debug_macro   0x0000000000000000       0xd5 ./Src/syscalls.o
 .debug_macro   0x0000000000000000       0x1c ./Src/syscalls.o
 .debug_macro   0x0000000000000000       0x3d ./Src/syscalls.o
 .debug_macro   0x0000000000000000       0x35 ./Src/syscalls.o
 .debug_macro   0x0000000000000000      0x12c ./Src/syscalls.o
 .debug_macro   0x0000000000000000       0x16 ./Src/syscalls.o
 .debug_macro   0x0000000000000000       0x16 ./Src/syscalls.o
 .debug_macro   0x0000000000000000       0x29 ./Src/syscalls.o
 .debug_macro   0x0000000000000000       0x10 ./Src/syscalls.o
 .debug_macro   0x0000000000000000      0x241 ./Src/syscalls.o
 .debug_macro   0x0000000000000000       0x1c ./Src/syscalls.o
 .debug_macro   0x0000000000000000       0x10 ./Src/syscalls.o
 .debug_macro   0x0000000000000000       0x10 ./Src/syscalls.o
 .debug_macro   0x0000000000000000       0x16 ./Src/syscalls.o
 .debug_macro   0x0000000000000000      0x145 ./Src/syscalls.o
 .debug_macro   0x0000000000000000      0x189 ./Src/syscalls.o
 .debug_macro   0x0000000000000000       0x16 ./Src/syscalls.o
 .debug_macro   0x0000000000000000       0xce ./Src/syscalls.o
 .debug_line    0x0000000000000000      0x7ea ./Src/syscalls.o
 .debug_str     0x0000000000000000     0x8a78 ./Src/syscalls.o
 .comment       0x0000000000000000       0x51 ./Src/syscalls.o
 .debug_frame   0x0000000000000000      0x2ac ./Src/syscalls.o
 .ARM.attributes
                0x0000000000000000       0x2e ./Src/syscalls.o
 .group         0x0000000000000000        0xc ./Src/sysmem.o
 .group         0x0000000000000000        0xc ./Src/sysmem.o
 .group         0x0000000000000000        0xc ./Src/sysmem.o
 .group         0x0000000000000000        0xc ./Src/sysmem.o
 .group         0x0000000000000000        0xc ./Src/sysmem.o
 .group         0x0000000000000000        0xc ./Src/sysmem.o
 .group         0x0000000000000000        0xc ./Src/sysmem.o
 .group         0x0000000000000000        0xc ./Src/sysmem.o
 .group         0x0000000000000000        0xc ./Src/sysmem.o
 .group         0x0000000000000000        0xc ./Src/sysmem.o
 .group         0x0000000000000000        0xc ./Src/sysmem.o
 .group         0x0000000000000000        0xc ./Src/sysmem.o
 .group         0x0000000000000000        0xc ./Src/sysmem.o
 .group         0x0000000000000000        0xc ./Src/sysmem.o
 .group         0x0000000000000000        0xc ./Src/sysmem.o
 .group         0x0000000000000000        0xc ./Src/sysmem.o
 .group         0x0000000000000000        0xc ./Src/sysmem.o
 .group         0x0000000000000000        0xc ./Src/sysmem.o
 .group         0x0000000000000000        0xc ./Src/sysmem.o
 .group         0x0000000000000000        0xc ./Src/sysmem.o
 .group         0x0000000000000000        0xc ./Src/sysmem.o
 .group         0x0000000000000000        0xc ./Src/sysmem.o
 .text          0x0000000000000000        0x0 ./Src/sysmem.o
 .data          0x0000000000000000        0x0 ./Src/sysmem.o
 .bss           0x0000000000000000        0x0 ./Src/sysmem.o
 .bss.__sbrk_heap_end
                0x0000000000000000        0x4 ./Src/sysmem.o
 .text._sbrk    0x0000000000000000       0x6c ./Src/sysmem.o
 .debug_info    0x0000000000000000      0x171 ./Src/sysmem.o
 .debug_abbrev  0x0000000000000000       0xbb ./Src/sysmem.o
 .debug_aranges
                0x0000000000000000       0x20 ./Src/sysmem.o
 .debug_ranges  0x0000000000000000       0x10 ./Src/sysmem.o
 .debug_macro   0x0000000000000000       0xff ./Src/sysmem.o
 .debug_macro   0x0000000000000000      0xa78 ./Src/sysmem.o
 .debug_macro   0x0000000000000000       0x10 ./Src/sysmem.o
 .debug_macro   0x0000000000000000       0x22 ./Src/sysmem.o
 .debug_macro   0x0000000000000000       0x4c ./Src/sysmem.o
 .debug_macro   0x0000000000000000       0x18 ./Src/sysmem.o
 .debug_macro   0x0000000000000000       0x94 ./Src/sysmem.o
 .debug_macro   0x0000000000000000       0x3c ./Src/sysmem.o
 .debug_macro   0x0000000000000000       0x34 ./Src/sysmem.o
 .debug_macro   0x0000000000000000      0x174 ./Src/sysmem.o
 .debug_macro   0x0000000000000000       0x16 ./Src/sysmem.o
 .debug_macro   0x0000000000000000       0x43 ./Src/sysmem.o
 .debug_macro   0x0000000000000000       0x57 ./Src/sysmem.o
 .debug_macro   0x0000000000000000       0x34 ./Src/sysmem.o
 .debug_macro   0x0000000000000000       0x10 ./Src/sysmem.o
 .debug_macro   0x0000000000000000       0x58 ./Src/sysmem.o
 .debug_macro   0x0000000000000000       0x71 ./Src/sysmem.o
 .debug_macro   0x0000000000000000       0x1c ./Src/sysmem.o
 .debug_macro   0x0000000000000000      0x12a ./Src/sysmem.o
 .debug_macro   0x0000000000000000      0x23b ./Src/sysmem.o
 .debug_macro   0x0000000000000000      0x103 ./Src/sysmem.o
 .debug_macro   0x0000000000000000       0x6a ./Src/sysmem.o
 .debug_macro   0x0000000000000000      0x1df ./Src/sysmem.o
 .debug_line    0x0000000000000000      0x4e0 ./Src/sysmem.o
 .debug_str     0x0000000000000000     0x5db4 ./Src/sysmem.o
 .comment       0x0000000000000000       0x51 ./Src/sysmem.o
 .debug_frame   0x0000000000000000       0x34 ./Src/sysmem.o
 .ARM.attributes
                0x0000000000000000       0x2e ./Src/sysmem.o
 .group         0x0000000000000000        0xc ./Src/systemfunctions.o
 .group         0x0000000000000000        0xc ./Src/systemfunctions.o
 .group         0x0000000000000000        0xc ./Src/systemfunctions.o
 .group         0x0000000000000000        0xc ./Src/systemfunctions.o
 .group         0x0000000000000000        0xc ./Src/systemfunctions.o
 .group         0x0000000000000000        0xc ./Src/systemfunctions.o
 .group         0x0000000000000000        0xc ./Src/systemfunctions.o
 .group         0x0000000000000000        0xc ./Src/systemfunctions.o
 .text          0x0000000000000000        0x0 ./Src/systemfunctions.o
 .data          0x0000000000000000        0x0 ./Src/systemfunctions.o
 .bss           0x0000000000000000        0x0 ./Src/systemfunctions.o
 .debug_macro   0x0000000000000000      0xa78 ./Src/systemfunctions.o
 .debug_macro   0x0000000000000000       0x22 ./Src/systemfunctions.o
 .debug_macro   0x0000000000000000       0x8e ./Src/systemfunctions.o
 .debug_macro   0x0000000000000000       0x51 ./Src/systemfunctions.o
 .debug_macro   0x0000000000000000      0x103 ./Src/systemfunctions.o
 .debug_macro   0x0000000000000000       0x6a ./Src/systemfunctions.o
 .debug_macro   0x0000000000000000      0x1df ./Src/systemfunctions.o
 .debug_macro   0x0000000000000000       0x16 ./Src/systemfunctions.o
 .text          0x0000000000000000       0x14 ./Startup/startup_stm32f446retx.o
 .data          0x0000000000000000        0x0 ./Startup/startup_stm32f446retx.o
 .bss           0x0000000000000000        0x0 ./Startup/startup_stm32f446retx.o
 .text          0x0000000000000000        0x0 d:/st/stm32cubeide_1.9.0/stm32cubeide/plugins/com.st.stm32cube.ide.mcu.externaltools.gnu-tools-for-stm32.10.3-2021.10.win32_1.0.0.202111181127/tools/bin/../lib/gcc/arm-none-eabi/10.3.1/../../../../arm-none-eabi/lib/thumb/v7e-m/nofp\libc_nano.a(lib_a-errno.o)
 .data          0x0000000000000000        0x0 d:/st/stm32cubeide_1.9.0/stm32cubeide/plugins/com.st.stm32cube.ide.mcu.externaltools.gnu-tools-for-stm32.10.3-2021.10.win32_1.0.0.202111181127/tools/bin/../lib/gcc/arm-none-eabi/10.3.1/../../../../arm-none-eabi/lib/thumb/v7e-m/nofp\libc_nano.a(lib_a-errno.o)
 .bss           0x0000000000000000        0x0 d:/st/stm32cubeide_1.9.0/stm32cubeide/plugins/com.st.stm32cube.ide.mcu.externaltools.gnu-tools-for-stm32.10.3-2021.10.win32_1.0.0.202111181127/tools/bin/../lib/gcc/arm-none-eabi/10.3.1/../../../../arm-none-eabi/lib/thumb/v7e-m/nofp\libc_nano.a(lib_a-errno.o)
 .text.__errno  0x0000000000000000        0xc d:/st/stm32cubeide_1.9.0/stm32cubeide/plugins/com.st.stm32cube.ide.mcu.externaltools.gnu-tools-for-stm32.10.3-2021.10.win32_1.0.0.202111181127/tools/bin/../lib/gcc/arm-none-eabi/10.3.1/../../../../arm-none-eabi/lib/thumb/v7e-m/nofp\libc_nano.a(lib_a-errno.o)
 .debug_frame   0x0000000000000000       0x20 d:/st/stm32cubeide_1.9.0/stm32cubeide/plugins/com.st.stm32cube.ide.mcu.externaltools.gnu-tools-for-stm32.10.3-2021.10.win32_1.0.0.202111181127/tools/bin/../lib/gcc/arm-none-eabi/10.3.1/../../../../arm-none-eabi/lib/thumb/v7e-m/nofp\libc_nano.a(lib_a-errno.o)
 .ARM.attributes
                0x0000000000000000       0x2e d:/st/stm32cubeide_1.9.0/stm32cubeide/plugins/com.st.stm32cube.ide.mcu.externaltools.gnu-tools-for-stm32.10.3-2021.10.win32_1.0.0.202111181127/tools/bin/../lib/gcc/arm-none-eabi/10.3.1/../../../../arm-none-eabi/lib/thumb/v7e-m/nofp\libc_nano.a(lib_a-errno.o)
 .text          0x0000000000000000        0x0 d:/st/stm32cubeide_1.9.0/stm32cubeide/plugins/com.st.stm32cube.ide.mcu.externaltools.gnu-tools-for-stm32.10.3-2021.10.win32_1.0.0.202111181127/tools/bin/../lib/gcc/arm-none-eabi/10.3.1/../../../../arm-none-eabi/lib/thumb/v7e-m/nofp\libc_nano.a(lib_a-exit.o)
 .data          0x0000000000000000        0x0 d:/st/stm32cubeide_1.9.0/stm32cubeide/plugins/com.st.stm32cube.ide.mcu.externaltools.gnu-tools-for-stm32.10.3-2021.10.win32_1.0.0.202111181127/tools/bin/../lib/gcc/arm-none-eabi/10.3.1/../../../../arm-none-eabi/lib/thumb/v7e-m/nofp\libc_nano.a(lib_a-exit.o)
 .bss           0x0000000000000000        0x0 d:/st/stm32cubeide_1.9.0/stm32cubeide/plugins/com.st.stm32cube.ide.mcu.externaltools.gnu-tools-for-stm32.10.3-2021.10.win32_1.0.0.202111181127/tools/bin/../lib/gcc/arm-none-eabi/10.3.1/../../../../arm-none-eabi/lib/thumb/v7e-m/nofp\libc_nano.a(lib_a-exit.o)
 .text.exit     0x0000000000000000       0x28 d:/st/stm32cubeide_1.9.0/stm32cubeide/plugins/com.st.stm32cube.ide.mcu.externaltools.gnu-tools-for-stm32.10.3-2021.10.win32_1.0.0.202111181127/tools/bin/../lib/gcc/arm-none-eabi/10.3.1/../../../../arm-none-eabi/lib/thumb/v7e-m/nofp\libc_nano.a(lib_a-exit.o)
 .debug_frame   0x0000000000000000       0x28 d:/st/stm32cubeide_1.9.0/stm32cubeide/plugins/com.st.stm32cube.ide.mcu.externaltools.gnu-tools-for-stm32.10.3-2021.10.win32_1.0.0.202111181127/tools/bin/../lib/gcc/arm-none-eabi/10.3.1/../../../../arm-none-eabi/lib/thumb/v7e-m/nofp\libc_nano.a(lib_a-exit.o)
 .ARM.attributes
                0x0000000000000000       0x2e d:/st/stm32cubeide_1.9.0/stm32cubeide/plugins/com.st.stm32cube.ide.mcu.externaltools.gnu-tools-for-stm32.10.3-2021.10.win32_1.0.0.202111181127/tools/bin/../lib/gcc/arm-none-eabi/10.3.1/../../../../arm-none-eabi/lib/thumb/v7e-m/nofp\libc_nano.a(lib_a-exit.o)
 .text          0x0000000000000000        0x0 d:/st/stm32cubeide_1.9.0/stm32cubeide/plugins/com.st.stm32cube.ide.mcu.externaltools.gnu-tools-for-stm32.10.3-2021.10.win32_1.0.0.202111181127/tools/bin/../lib/gcc/arm-none-eabi/10.3.1/../../../../arm-none-eabi/lib/thumb/v7e-m/nofp\libc_nano.a(lib_a-impure.o)
 .data          0x0000000000000000        0x0 d:/st/stm32cubeide_1.9.0/stm32cubeide/plugins/com.st.stm32cube.ide.mcu.externaltools.gnu-tools-for-stm32.10.3-2021.10.win32_1.0.0.202111181127/tools/bin/../lib/gcc/arm-none-eabi/10.3.1/../../../../arm-none-eabi/lib/thumb/v7e-m/nofp\libc_nano.a(lib_a-impure.o)
 .bss           0x0000000000000000        0x0 d:/st/stm32cubeide_1.9.0/stm32cubeide/plugins/com.st.stm32cube.ide.mcu.externaltools.gnu-tools-for-stm32.10.3-2021.10.win32_1.0.0.202111181127/tools/bin/../lib/gcc/arm-none-eabi/10.3.1/../../../../arm-none-eabi/lib/thumb/v7e-m/nofp\libc_nano.a(lib_a-impure.o)
 .data._impure_ptr
                0x0000000000000000        0x4 d:/st/stm32cubeide_1.9.0/stm32cubeide/plugins/com.st.stm32cube.ide.mcu.externaltools.gnu-tools-for-stm32.10.3-2021.10.win32_1.0.0.202111181127/tools/bin/../lib/gcc/arm-none-eabi/10.3.1/../../../../arm-none-eabi/lib/thumb/v7e-m/nofp\libc_nano.a(lib_a-impure.o)
 .data.impure_data
                0x0000000000000000       0x60 d:/st/stm32cubeide_1.9.0/stm32cubeide/plugins/com.st.stm32cube.ide.mcu.externaltools.gnu-tools-for-stm32.10.3-2021.10.win32_1.0.0.202111181127/tools/bin/../lib/gcc/arm-none-eabi/10.3.1/../../../../arm-none-eabi/lib/thumb/v7e-m/nofp\libc_nano.a(lib_a-impure.o)
 .rodata._global_impure_ptr
                0x0000000000000000        0x4 d:/st/stm32cubeide_1.9.0/stm32cubeide/plugins/com.st.stm32cube.ide.mcu.externaltools.gnu-tools-for-stm32.10.3-2021.10.win32_1.0.0.202111181127/tools/bin/../lib/gcc/arm-none-eabi/10.3.1/../../../../arm-none-eabi/lib/thumb/v7e-m/nofp\libc_nano.a(lib_a-impure.o)
 .ARM.attributes
                0x0000000000000000       0x2e d:/st/stm32cubeide_1.9.0/stm32cubeide/plugins/com.st.stm32cube.ide.mcu.externaltools.gnu-tools-for-stm32.10.3-2021.10.win32_1.0.0.202111181127/tools/bin/../lib/gcc/arm-none-eabi/10.3.1/../../../../arm-none-eabi/lib/thumb/v7e-m/nofp\libc_nano.a(lib_a-impure.o)
 .text          0x0000000000000000        0x0 d:/st/stm32cubeide_1.9.0/stm32cubeide/plugins/com.st.stm32cube.ide.mcu.externaltools.gnu-tools-for-stm32.10.3-2021.10.win32_1.0.0.202111181127/tools/bin/../lib/gcc/arm-none-eabi/10.3.1/../../../../arm-none-eabi/lib/thumb/v7e-m/nofp\libc_nano.a(lib_a-init.o)
 .data          0x0000000000000000        0x0 d:/st/stm32cubeide_1.9.0/stm32cubeide/plugins/com.st.stm32cube.ide.mcu.externaltools.gnu-tools-for-stm32.10.3-2021.10.win32_1.0.0.202111181127/tools/bin/../lib/gcc/arm-none-eabi/10.3.1/../../../../arm-none-eabi/lib/thumb/v7e-m/nofp\libc_nano.a(lib_a-init.o)
 .bss           0x0000000000000000        0x0 d:/st/stm32cubeide_1.9.0/stm32cubeide/plugins/com.st.stm32cube.ide.mcu.externaltools.gnu-tools-for-stm32.10.3-2021.10.win32_1.0.0.202111181127/tools/bin/../lib/gcc/arm-none-eabi/10.3.1/../../../../arm-none-eabi/lib/thumb/v7e-m/nofp\libc_nano.a(lib_a-init.o)
 .text          0x0000000000000000        0x0 d:/st/stm32cubeide_1.9.0/stm32cubeide/plugins/com.st.stm32cube.ide.mcu.externaltools.gnu-tools-for-stm32.10.3-2021.10.win32_1.0.0.202111181127/tools/bin/../lib/gcc/arm-none-eabi/10.3.1/../../../../arm-none-eabi/lib/thumb/v7e-m/nofp\libc_nano.a(lib_a-memset.o)
 .data          0x0000000000000000        0x0 d:/st/stm32cubeide_1.9.0/stm32cubeide/plugins/com.st.stm32cube.ide.mcu.externaltools.gnu-tools-for-stm32.10.3-2021.10.win32_1.0.0.202111181127/tools/bin/../lib/gcc/arm-none-eabi/10.3.1/../../../../arm-none-eabi/lib/thumb/v7e-m/nofp\libc_nano.a(lib_a-memset.o)
 .bss           0x0000000000000000        0x0 d:/st/stm32cubeide_1.9.0/stm32cubeide/plugins/com.st.stm32cube.ide.mcu.externaltools.gnu-tools-for-stm32.10.3-2021.10.win32_1.0.0.202111181127/tools/bin/../lib/gcc/arm-none-eabi/10.3.1/../../../../arm-none-eabi/lib/thumb/v7e-m/nofp\libc_nano.a(lib_a-memset.o)
 .text.memset   0x0000000000000000       0x10 d:/st/stm32cubeide_1.9.0/stm32cubeide/plugins/com.st.stm32cube.ide.mcu.externaltools.gnu-tools-for-stm32.10.3-2021.10.win32_1.0.0.202111181127/tools/bin/../lib/gcc/arm-none-eabi/10.3.1/../../../../arm-none-eabi/lib/thumb/v7e-m/nofp\libc_nano.a(lib_a-memset.o)
 .debug_frame   0x0000000000000000       0x20 d:/st/stm32cubeide_1.9.0/stm32cubeide/plugins/com.st.stm32cube.ide.mcu.externaltools.gnu-tools-for-stm32.10.3-2021.10.win32_1.0.0.202111181127/tools/bin/../lib/gcc/arm-none-eabi/10.3.1/../../../../arm-none-eabi/lib/thumb/v7e-m/nofp\libc_nano.a(lib_a-memset.o)
 .ARM.attributes
                0x0000000000000000       0x2e d:/st/stm32cubeide_1.9.0/stm32cubeide/plugins/com.st.stm32cube.ide.mcu.externaltools.gnu-tools-for-stm32.10.3-2021.10.win32_1.0.0.202111181127/tools/bin/../lib/gcc/arm-none-eabi/10.3.1/../../../../arm-none-eabi/lib/thumb/v7e-m/nofp\libc_nano.a(lib_a-memset.o)
 .text          0x0000000000000000        0x0 d:/st/stm32cubeide_1.9.0/stm32cubeide/plugins/com.st.stm32cube.ide.mcu.externaltools.gnu-tools-for-stm32.10.3-2021.10.win32_1.0.0.202111181127/tools/bin/../lib/gcc/arm-none-eabi/10.3.1/thumb/v7e-m/nofp/crtend.o
 .data          0x0000000000000000        0x0 d:/st/stm32cubeide_1.9.0/stm32cubeide/plugins/com.st.stm32cube.ide.mcu.externaltools.gnu-tools-for-stm32.10.3-2021.10.win32_1.0.0.202111181127/tools/bin/../lib/gcc/arm-none-eabi/10.3.1/thumb/v7e-m/nofp/crtend.o
 .bss           0x0000000000000000        0x0 d:/st/stm32cubeide_1.9.0/stm32cubeide/plugins/com.st.stm32cube.ide.mcu.externaltools.gnu-tools-for-stm32.10.3-2021.10.win32_1.0.0.202111181127/tools/bin/../lib/gcc/arm-none-eabi/10.3.1/thumb/v7e-m/nofp/crtend.o
 .rodata        0x0000000000000000       0x24 d:/st/stm32cubeide_1.9.0/stm32cubeide/plugins/com.st.stm32cube.ide.mcu.externaltools.gnu-tools-for-stm32.10.3-2021.10.win32_1.0.0.202111181127/tools/bin/../lib/gcc/arm-none-eabi/10.3.1/thumb/v7e-m/nofp/crtend.o
 .eh_frame      0x0000000000000000        0x4 d:/st/stm32cubeide_1.9.0/stm32cubeide/plugins/com.st.stm32cube.ide.mcu.externaltools.gnu-tools-for-stm32.10.3-2021.10.win32_1.0.0.202111181127/tools/bin/../lib/gcc/arm-none-eabi/10.3.1/thumb/v7e-m/nofp/crtend.o
 .ARM.attributes
                0x0000000000000000       0x2e d:/st/stm32cubeide_1.9.0/stm32cubeide/plugins/com.st.stm32cube.ide.mcu.externaltools.gnu-tools-for-stm32.10.3-2021.10.win32_1.0.0.202111181127/tools/bin/../lib/gcc/arm-none-eabi/10.3.1/thumb/v7e-m/nofp/crtend.o
 .text          0x0000000000000000        0x0 d:/st/stm32cubeide_1.9.0/stm32cubeide/plugins/com.st.stm32cube.ide.mcu.externaltools.gnu-tools-for-stm32.10.3-2021.10.win32_1.0.0.202111181127/tools/bin/../lib/gcc/arm-none-eabi/10.3.1/thumb/v7e-m/nofp/crtn.o
 .data          0x0000000000000000        0x0 d:/st/stm32cubeide_1.9.0/stm32cubeide/plugins/com.st.stm32cube.ide.mcu.externaltools.gnu-tools-for-stm32.10.3-2021.10.win32_1.0.0.202111181127/tools/bin/../lib/gcc/arm-none-eabi/10.3.1/thumb/v7e-m/nofp/crtn.o
 .bss           0x0000000000000000        0x0 d:/st/stm32cubeide_1.9.0/stm32cubeide/plugins/com.st.stm32cube.ide.mcu.externaltools.gnu-tools-for-stm32.10.3-2021.10.win32_1.0.0.202111181127/tools/bin/../lib/gcc/arm-none-eabi/10.3.1/thumb/v7e-m/nofp/crtn.o

Memory Configuration

Name             Origin             Length             Attributes
RAM              0x0000000020000000 0x0000000000020000 xrw
FLASH            0x0000000008000000 0x0000000000080000 xr
*default*        0x0000000000000000 0xffffffffffffffff

Linker script and memory map

LOAD d:/st/stm32cubeide_1.9.0/stm32cubeide/plugins/com.st.stm32cube.ide.mcu.externaltools.gnu-tools-for-stm32.10.3-2021.10.win32_1.0.0.202111181127/tools/bin/../lib/gcc/arm-none-eabi/10.3.1/thumb/v7e-m/nofp/crti.o
LOAD d:/st/stm32cubeide_1.9.0/stm32cubeide/plugins/com.st.stm32cube.ide.mcu.externaltools.gnu-tools-for-stm32.10.3-2021.10.win32_1.0.0.202111181127/tools/bin/../lib/gcc/arm-none-eabi/10.3.1/thumb/v7e-m/nofp/crtbegin.o
LOAD d:/st/stm32cubeide_1.9.0/stm32cubeide/plugins/com.st.stm32cube.ide.mcu.externaltools.gnu-tools-for-stm32.10.3-2021.10.win32_1.0.0.202111181127/tools/bin/../lib/gcc/arm-none-eabi/10.3.1/../../../../arm-none-eabi/lib/thumb/v7e-m/nofp/crt0.o
LOAD ./Src/am2302.o
LOAD ./Src/int.o
LOAD ./Src/main.o
LOAD ./Src/onewire.o
LOAD ./Src/ports.o
LOAD ./Src/projectconf.o
LOAD ./Src/syscalls.o
LOAD ./Src/sysmem.o
LOAD ./Src/systemfunctions.o
LOAD ./Startup/startup_stm32f446retx.o
START GROUP
LOAD d:/st/stm32cubeide_1.9.0/stm32cubeide/plugins/com.st.stm32cube.ide.mcu.externaltools.gnu-tools-for-stm32.10.3-2021.10.win32_1.0.0.202111181127/tools/bin/../lib/gcc/arm-none-eabi/10.3.1/../../../../arm-none-eabi/lib/thumb/v7e-m/nofp\libc_nano.a
LOAD d:/st/stm32cubeide_1.9.0/stm32cubeide/plugins/com.st.stm32cube.ide.mcu.externaltools.gnu-tools-for-stm32.10.3-2021.10.win32_1.0.0.202111181127/tools/bin/../lib/gcc/arm-none-eabi/10.3.1/../../../../arm-none-eabi/lib/thumb/v7e-m/nofp\libm.a
END GROUP
START GROUP
LOAD d:/st/stm32cubeide_1.9.0/stm32cubeide/plugins/com.st.stm32cube.ide.mcu.externaltools.gnu-tools-for-stm32.10.3-2021.10.win32_1.0.0.202111181127/tools/bin/../lib/gcc/arm-none-eabi/10.3.1/thumb/v7e-m/nofp\libgcc.a
LOAD d:/st/stm32cubeide_1.9.0/stm32cubeide/plugins/com.st.stm32cube.ide.mcu.externaltools.gnu-tools-for-stm32.10.3-2021.10.win32_1.0.0.202111181127/tools/bin/../lib/gcc/arm-none-eabi/10.3.1/../../../../arm-none-eabi/lib/thumb/v7e-m/nofp\libc_nano.a
END GROUP
START GROUP
LOAD d:/st/stm32cubeide_1.9.0/stm32cubeide/plugins/com.st.stm32cube.ide.mcu.externaltools.gnu-tools-for-stm32.10.3-2021.10.win32_1.0.0.202111181127/tools/bin/../lib/gcc/arm-none-eabi/10.3.1/thumb/v7e-m/nofp\libgcc.a
LOAD d:/st/stm32cubeide_1.9.0/stm32cubeide/plugins/com.st.stm32cube.ide.mcu.externaltools.gnu-tools-for-stm32.10.3-2021.10.win32_1.0.0.202111181127/tools/bin/../lib/gcc/arm-none-eabi/10.3.1/../../../../arm-none-eabi/lib/thumb/v7e-m/nofp\libc_nano.a
LOAD d:/st/stm32cubeide_1.9.0/stm32cubeide/plugins/com.st.stm32cube.ide.mcu.externaltools.gnu-tools-for-stm32.10.3-2021.10.win32_1.0.0.202111181127/tools/bin/../lib/gcc/arm-none-eabi/10.3.1/../../../../arm-none-eabi/lib/thumb/v7e-m/nofp\libnosys.a
END GROUP
START GROUP
LOAD d:/st/stm32cubeide_1.9.0/stm32cubeide/plugins/com.st.stm32cube.ide.mcu.externaltools.gnu-tools-for-stm32.10.3-2021.10.win32_1.0.0.202111181127/tools/bin/../lib/gcc/arm-none-eabi/10.3.1/thumb/v7e-m/nofp\libgcc.a
LOAD d:/st/stm32cubeide_1.9.0/stm32cubeide/plugins/com.st.stm32cube.ide.mcu.externaltools.gnu-tools-for-stm32.10.3-2021.10.win32_1.0.0.202111181127/tools/bin/../lib/gcc/arm-none-eabi/10.3.1/../../../../arm-none-eabi/lib/thumb/v7e-m/nofp\libc_nano.a
LOAD d:/st/stm32cubeide_1.9.0/stm32cubeide/plugins/com.st.stm32cube.ide.mcu.externaltools.gnu-tools-for-stm32.10.3-2021.10.win32_1.0.0.202111181127/tools/bin/../lib/gcc/arm-none-eabi/10.3.1/../../../../arm-none-eabi/lib/thumb/v7e-m/nofp\libnosys.a
END GROUP
LOAD d:/st/stm32cubeide_1.9.0/stm32cubeide/plugins/com.st.stm32cube.ide.mcu.externaltools.gnu-tools-for-stm32.10.3-2021.10.win32_1.0.0.202111181127/tools/bin/../lib/gcc/arm-none-eabi/10.3.1/thumb/v7e-m/nofp/crtend.o
LOAD d:/st/stm32cubeide_1.9.0/stm32cubeide/plugins/com.st.stm32cube.ide.mcu.externaltools.gnu-tools-for-stm32.10.3-2021.10.win32_1.0.0.202111181127/tools/bin/../lib/gcc/arm-none-eabi/10.3.1/thumb/v7e-m/nofp/crtn.o
                0x0000000020020000                _estack = (ORIGIN (RAM) + LENGTH (RAM))
                0x0000000000000200                _Min_Heap_Size = 0x200
                0x0000000000000400                _Min_Stack_Size = 0x400

.isr_vector     0x0000000008000000      0x1c4
                0x0000000008000000                . = ALIGN (0x4)
 *(.isr_vector)
 .isr_vector    0x0000000008000000      0x1c4 ./Startup/startup_stm32f446retx.o
                0x0000000008000000                g_pfnVectors
                0x00000000080001c4                . = ALIGN (0x4)

.text           0x00000000080001c4      0x494
                0x00000000080001c4                . = ALIGN (0x4)
 *(.text)
 .text          0x00000000080001c4       0x40 d:/st/stm32cubeide_1.9.0/stm32cubeide/plugins/com.st.stm32cube.ide.mcu.externaltools.gnu-tools-for-stm32.10.3-2021.10.win32_1.0.0.202111181127/tools/bin/../lib/gcc/arm-none-eabi/10.3.1/thumb/v7e-m/nofp/crtbegin.o
 *(.text*)
 .text.am2302_Read
                0x0000000008000204       0xac ./Src/am2302.o
                0x0000000008000204                am2302_Read
 .text.HardFault_Handler
                0x00000000080002b0        0x6 ./Src/int.o
                0x00000000080002b0                HardFault_Handler
 .text.SysTick_Handler
                0x00000000080002b6        0xc ./Src/int.o
                0x00000000080002b6                SysTick_Handler
 *fill*         0x00000000080002c2        0x2 
 .text.main     0x00000000080002c4       0x88 ./Src/main.o
                0x00000000080002c4                main
 .text.SysTick_CallBack
                0x000000000800034c       0x1c ./Src/main.o
                0x000000000800034c                SysTick_CallBack
 .text.start    0x0000000008000368       0x60 ./Src/onewire.o
                0x0000000008000368                start
 .text.Get_Port_Pin_State
                0x00000000080003c8       0x3c ./Src/ports.o
                0x00000000080003c8                Get_Port_Pin_State
 .text.Port_Pin_Toggle
                0x0000000008000404       0x68 ./Src/ports.o
                0x0000000008000404                Port_Pin_Toggle
 .text.System_Config
                0x000000000800046c       0x14 ./Src/projectconf.o
                0x000000000800046c                System_Config
 .text.SysTick_Init
                0x0000000008000480       0x48 ./Src/projectconf.o
 .text.port_Init
                0x00000000080004c8       0x80 ./Src/projectconf.o
 .text.systemClock_Init
                0x0000000008000548        0xc ./Src/projectconf.o
 .text.Get_SystemTimeUs
                0x0000000008000554       0x14 ./Src/systemfunctions.o
                0x0000000008000554                Get_SystemTimeUs
 .text.Compare_SystemTimeUs
                0x0000000008000568       0x3c ./Src/systemfunctions.o
                0x0000000008000568                Compare_SystemTimeUs
 .text.Reset_Handler
                0x00000000080005a4       0x50 ./Startup/startup_stm32f446retx.o
                0x00000000080005a4                Reset_Handler
 .text.Default_Handler
                0x00000000080005f4        0x2 ./Startup/startup_stm32f446retx.o
                0x00000000080005f4                RTC_Alarm_IRQHandler
                0x00000000080005f4                EXTI2_IRQHandler
                0x00000000080005f4                TIM8_CC_IRQHandler
                0x00000000080005f4                SPDIF_Rx_IRQHandler
                0x00000000080005f4                DebugMon_Handler
                0x00000000080005f4                SPI4_IRQHandler
                0x00000000080005f4                TIM1_CC_IRQHandler
                0x00000000080005f4                QuadSPI_IRQHandler
                0x00000000080005f4                DMA2_Stream5_IRQHandler
                0x00000000080005f4                DMA1_Stream5_IRQHandler
                0x00000000080005f4                PVD_IRQHandler
                0x00000000080005f4                SDIO_IRQHandler
                0x00000000080005f4                TAMP_STAMP_IRQHandler
                0x00000000080005f4                PendSV_Handler
                0x00000000080005f4                NMI_Handler
                0x00000000080005f4                CAN2_RX1_IRQHandler
                0x00000000080005f4                EXTI3_IRQHandler
                0x00000000080005f4                TIM8_TRG_COM_TIM14_IRQHandler
                0x00000000080005f4                TIM1_UP_TIM10_IRQHandler
                0x00000000080005f4                FMPI2C1_error_IRQHandler
                0x00000000080005f4                TIM8_UP_TIM13_IRQHandler
                0x00000000080005f4                I2C3_ER_IRQHandler
                0x00000000080005f4                EXTI0_IRQHandler
                0x00000000080005f4                I2C2_EV_IRQHandler
                0x00000000080005f4                DMA1_Stream2_IRQHandler
                0x00000000080005f4                CAN1_RX0_IRQHandler
                0x00000000080005f4                FPU_IRQHandler
                0x00000000080005f4                OTG_HS_WKUP_IRQHandler
                0x00000000080005f4                UsageFault_Handler
                0x00000000080005f4                CAN2_SCE_IRQHandler
                0x00000000080005f4                DMA2_Stream2_IRQHandler
                0x00000000080005f4                SPI1_IRQHandler
                0x00000000080005f4                TIM6_DAC_IRQHandler
                0x00000000080005f4                TIM1_BRK_TIM9_IRQHandler
                0x00000000080005f4                DCMI_IRQHandler
                0x00000000080005f4                CAN2_RX0_IRQHandler
                0x00000000080005f4                DMA2_Stream3_IRQHandler
                0x00000000080005f4                FMPI2C1_IRQHandler
                0x00000000080005f4                SAI2_IRQHandler
                0x00000000080005f4                USART6_IRQHandler
                0x00000000080005f4                USART3_IRQHandler
                0x00000000080005f4                CAN1_RX1_IRQHandler
                0x00000000080005f4                UART5_IRQHandler
                0x00000000080005f4                DMA2_Stream0_IRQHandler
                0x00000000080005f4                TIM4_IRQHandler
                0x00000000080005f4                I2C1_EV_IRQHandler
                0x00000000080005f4                HDMI_CEC_IRQHandler
                0x00000000080005f4                DMA1_Stream6_IRQHandler
                0x00000000080005f4                DMA1_Stream1_IRQHandler
                0x00000000080005f4                UART4_IRQHandler
                0x00000000080005f4                TIM3_IRQHandler
                0x00000000080005f4                RCC_IRQHandler
                0x00000000080005f4                TIM8_BRK_TIM12_IRQHandler
                0x00000000080005f4                Default_Handler
                0x00000000080005f4                EXTI15_10_IRQHandler
                0x00000000080005f4                ADC_IRQHandler
                0x00000000080005f4                DMA1_Stream7_IRQHandler
                0x00000000080005f4                TIM7_IRQHandler
                0x00000000080005f4                CAN2_TX_IRQHandler
                0x00000000080005f4                TIM5_IRQHandler
                0x00000000080005f4                DMA2_Stream7_IRQHandler
                0x00000000080005f4                I2C3_EV_IRQHandler
                0x00000000080005f4                EXTI9_5_IRQHandler
                0x00000000080005f4                RTC_WKUP_IRQHandler
                0x00000000080005f4                SPI2_IRQHandler
                0x00000000080005f4                OTG_HS_EP1_IN_IRQHandler
                0x00000000080005f4                MemManage_Handler
                0x00000000080005f4                DMA1_Stream0_IRQHandler
                0x00000000080005f4                CAN1_TX_IRQHandler
                0x00000000080005f4                SVC_Handler
                0x00000000080005f4                EXTI4_IRQHandler
                0x00000000080005f4                OTG_HS_EP1_OUT_IRQHandler
                0x00000000080005f4                WWDG_IRQHandler
                0x00000000080005f4                TIM2_IRQHandler
                0x00000000080005f4                OTG_FS_WKUP_IRQHandler
                0x00000000080005f4                TIM1_TRG_COM_TIM11_IRQHandler
                0x00000000080005f4                OTG_HS_IRQHandler
                0x00000000080005f4                EXTI1_IRQHandler
                0x00000000080005f4                USART2_IRQHandler
                0x00000000080005f4                I2C2_ER_IRQHandler
                0x00000000080005f4                DMA2_Stream1_IRQHandler
                0x00000000080005f4                CAN1_SCE_IRQHandler
                0x00000000080005f4                FLASH_IRQHandler
                0x00000000080005f4                DMA2_Stream4_IRQHandler
                0x00000000080005f4                BusFault_Handler
                0x00000000080005f4                USART1_IRQHandler
                0x00000000080005f4                OTG_FS_IRQHandler
                0x00000000080005f4                SPI3_IRQHandler
                0x00000000080005f4                DMA1_Stream4_IRQHandler
                0x00000000080005f4                I2C1_ER_IRQHandler
                0x00000000080005f4                FMC_IRQHandler
                0x00000000080005f4                DMA2_Stream6_IRQHandler
                0x00000000080005f4                SAI1_IRQHandler
                0x00000000080005f4                DMA1_Stream3_IRQHandler
 *fill*         0x00000000080005f6        0x2 
 .text.__libc_init_array
                0x00000000080005f8       0x48 d:/st/stm32cubeide_1.9.0/stm32cubeide/plugins/com.st.stm32cube.ide.mcu.externaltools.gnu-tools-for-stm32.10.3-2021.10.win32_1.0.0.202111181127/tools/bin/../lib/gcc/arm-none-eabi/10.3.1/../../../../arm-none-eabi/lib/thumb/v7e-m/nofp\libc_nano.a(lib_a-init.o)
                0x00000000080005f8                __libc_init_array
 *(.glue_7)
 .glue_7        0x0000000008000640        0x0 linker stubs
 *(.glue_7t)
 .glue_7t       0x0000000008000640        0x0 linker stubs
 *(.eh_frame)
 .eh_frame      0x0000000008000640        0x0 d:/st/stm32cubeide_1.9.0/stm32cubeide/plugins/com.st.stm32cube.ide.mcu.externaltools.gnu-tools-for-stm32.10.3-2021.10.win32_1.0.0.202111181127/tools/bin/../lib/gcc/arm-none-eabi/10.3.1/thumb/v7e-m/nofp/crtbegin.o
 *(.init)
 .init          0x0000000008000640        0x4 d:/st/stm32cubeide_1.9.0/stm32cubeide/plugins/com.st.stm32cube.ide.mcu.externaltools.gnu-tools-for-stm32.10.3-2021.10.win32_1.0.0.202111181127/tools/bin/../lib/gcc/arm-none-eabi/10.3.1/thumb/v7e-m/nofp/crti.o
                0x0000000008000640                _init
 .init          0x0000000008000644        0x8 d:/st/stm32cubeide_1.9.0/stm32cubeide/plugins/com.st.stm32cube.ide.mcu.externaltools.gnu-tools-for-stm32.10.3-2021.10.win32_1.0.0.202111181127/tools/bin/../lib/gcc/arm-none-eabi/10.3.1/thumb/v7e-m/nofp/crtn.o
 *(.fini)
 .fini          0x000000000800064c        0x4 d:/st/stm32cubeide_1.9.0/stm32cubeide/plugins/com.st.stm32cube.ide.mcu.externaltools.gnu-tools-for-stm32.10.3-2021.10.win32_1.0.0.202111181127/tools/bin/../lib/gcc/arm-none-eabi/10.3.1/thumb/v7e-m/nofp/crti.o
                0x000000000800064c                _fini
 .fini          0x0000000008000650        0x8 d:/st/stm32cubeide_1.9.0/stm32cubeide/plugins/com.st.stm32cube.ide.mcu.externaltools.gnu-tools-for-stm32.10.3-2021.10.win32_1.0.0.202111181127/tools/bin/../lib/gcc/arm-none-eabi/10.3.1/thumb/v7e-m/nofp/crtn.o
                0x0000000008000658                . = ALIGN (0x4)
                0x0000000008000658                _etext = .

.vfp11_veneer   0x0000000008000658        0x0
 .vfp11_veneer  0x0000000008000658        0x0 linker stubs

.v4_bx          0x0000000008000658        0x0
 .v4_bx         0x0000000008000658        0x0 linker stubs

.iplt           0x0000000008000658        0x0
 .iplt          0x0000000008000658        0x0 d:/st/stm32cubeide_1.9.0/stm32cubeide/plugins/com.st.stm32cube.ide.mcu.externaltools.gnu-tools-for-stm32.10.3-2021.10.win32_1.0.0.202111181127/tools/bin/../lib/gcc/arm-none-eabi/10.3.1/thumb/v7e-m/nofp/crtbegin.o

.rel.dyn        0x0000000008000658        0x0
 .rel.iplt      0x0000000008000658        0x0 d:/st/stm32cubeide_1.9.0/stm32cubeide/plugins/com.st.stm32cube.ide.mcu.externaltools.gnu-tools-for-stm32.10.3-2021.10.win32_1.0.0.202111181127/tools/bin/../lib/gcc/arm-none-eabi/10.3.1/thumb/v7e-m/nofp/crtbegin.o

.rodata         0x0000000008000658        0x0
                0x0000000008000658                . = ALIGN (0x4)
 *(.rodata)
 *(.rodata*)
                0x0000000008000658                . = ALIGN (0x4)

.ARM.extab      0x0000000008000658        0x0
                0x0000000008000658                . = ALIGN (0x4)
 *(.ARM.extab* .gnu.linkonce.armextab.*)
                0x0000000008000658                . = ALIGN (0x4)

.ARM            0x0000000008000658        0x0
                0x0000000008000658                . = ALIGN (0x4)
                0x0000000008000658                __exidx_start = .
 *(.ARM.exidx*)
                0x0000000008000658                __exidx_end = .
                0x0000000008000658                . = ALIGN (0x4)

.preinit_array  0x0000000008000658        0x0
                0x0000000008000658                . = ALIGN (0x4)
                0x0000000008000658                PROVIDE (__preinit_array_start = .)
 *(.preinit_array*)
                0x0000000008000658                PROVIDE (__preinit_array_end = .)
                0x0000000008000658                . = ALIGN (0x4)

.init_array     0x0000000008000658        0x4
                0x0000000008000658                . = ALIGN (0x4)
                0x0000000008000658                PROVIDE (__init_array_start = .)
 *(SORT_BY_NAME(.init_array.*))
 *(.init_array*)
 .init_array    0x0000000008000658        0x4 d:/st/stm32cubeide_1.9.0/stm32cubeide/plugins/com.st.stm32cube.ide.mcu.externaltools.gnu-tools-for-stm32.10.3-2021.10.win32_1.0.0.202111181127/tools/bin/../lib/gcc/arm-none-eabi/10.3.1/thumb/v7e-m/nofp/crtbegin.o
                0x000000000800065c                PROVIDE (__init_array_end = .)
                0x000000000800065c                . = ALIGN (0x4)

.fini_array     0x000000000800065c        0x4
                0x000000000800065c                . = ALIGN (0x4)
                [!provide]                        PROVIDE (__fini_array_start = .)
 *(SORT_BY_NAME(.fini_array.*))
 *(.fini_array*)
 .fini_array    0x000000000800065c        0x4 d:/st/stm32cubeide_1.9.0/stm32cubeide/plugins/com.st.stm32cube.ide.mcu.externaltools.gnu-tools-for-stm32.10.3-2021.10.win32_1.0.0.202111181127/tools/bin/../lib/gcc/arm-none-eabi/10.3.1/thumb/v7e-m/nofp/crtbegin.o
                [!provide]                        PROVIDE (__fini_array_end = .)
                0x0000000008000660                . = ALIGN (0x4)
                0x0000000008000660                _sidata = LOADADDR (.data)

.data           0x0000000020000000        0x0 load address 0x0000000008000660
                0x0000000020000000                . = ALIGN (0x4)
                0x0000000020000000                _sdata = .
 *(.data)
 *(.data*)
 *(.RamFunc)
 *(.RamFunc*)
                0x0000000020000000                . = ALIGN (0x4)
                0x0000000020000000                _edata = .

.igot.plt       0x0000000020000000        0x0 load address 0x0000000008000660
 .igot.plt      0x0000000020000000        0x0 d:/st/stm32cubeide_1.9.0/stm32cubeide/plugins/com.st.stm32cube.ide.mcu.externaltools.gnu-tools-for-stm32.10.3-2021.10.win32_1.0.0.202111181127/tools/bin/../lib/gcc/arm-none-eabi/10.3.1/thumb/v7e-m/nofp/crtbegin.o
                0x0000000020000000                . = ALIGN (0x4)

.bss            0x0000000020000000       0x58 load address 0x0000000008000660
                0x0000000020000000                _sbss = .
                0x0000000020000000                __bss_start__ = _sbss
 *(.bss)
 .bss           0x0000000020000000       0x1c d:/st/stm32cubeide_1.9.0/stm32cubeide/plugins/com.st.stm32cube.ide.mcu.externaltools.gnu-tools-for-stm32.10.3-2021.10.win32_1.0.0.202111181127/tools/bin/../lib/gcc/arm-none-eabi/10.3.1/thumb/v7e-m/nofp/crtbegin.o
 *(.bss*)
 .bss.timeElapsed
                0x000000002000001c        0x4 ./Src/am2302.o
                0x000000002000001c                timeElapsed
 .bss.data      0x0000000020000020       0x28 ./Src/main.o
                0x0000000020000020                data
 .bss.am2302PeriodtimeStamp
                0x0000000020000048        0x4 ./Src/main.o
                0x0000000020000048                am2302PeriodtimeStamp
 .bss.humyRawData
                0x000000002000004c        0x2 ./Src/main.o
                0x000000002000004c                humyRawData
 *fill*         0x000000002000004e        0x2 
 .bss.timeStampAM2302
                0x0000000020000050        0x4 ./Src/onewire.o
                0x0000000020000050                timeStampAM2302
 .bss.SysTickCountUs
                0x0000000020000054        0x4 ./Src/projectconf.o
                0x0000000020000054                SysTickCountUs
 *(COMMON)
                0x0000000020000058                . = ALIGN (0x4)
                0x0000000020000058                _ebss = .
                0x0000000020000058                __bss_end__ = _ebss

._user_heap_stack
                0x0000000020000058      0x600 load address 0x0000000008000660
                0x0000000020000058                . = ALIGN (0x8)
                [!provide]                        PROVIDE (end = .)
                0x0000000020000058                PROVIDE (_end = .)
                0x0000000020000258                . = (. + _Min_Heap_Size)
 *fill*         0x0000000020000058      0x200 
                0x0000000020000658                . = (. + _Min_Stack_Size)
 *fill*         0x0000000020000258      0x400 
                0x0000000020000658                . = ALIGN (0x8)

/DISCARD/
 libc.a(*)
 libm.a(*)
 libgcc.a(*)

.ARM.attributes
                0x0000000000000000       0x2a
 *(.ARM.attributes)
 .ARM.attributes
                0x0000000000000000       0x1e d:/st/stm32cubeide_1.9.0/stm32cubeide/plugins/com.st.stm32cube.ide.mcu.externaltools.gnu-tools-for-stm32.10.3-2021.10.win32_1.0.0.202111181127/tools/bin/../lib/gcc/arm-none-eabi/10.3.1/thumb/v7e-m/nofp/crti.o
 .ARM.attributes
                0x000000000000001e       0x2e d:/st/stm32cubeide_1.9.0/stm32cubeide/plugins/com.st.stm32cube.ide.mcu.externaltools.gnu-tools-for-stm32.10.3-2021.10.win32_1.0.0.202111181127/tools/bin/../lib/gcc/arm-none-eabi/10.3.1/thumb/v7e-m/nofp/crtbegin.o
 .ARM.attributes
                0x000000000000004c       0x2e ./Src/am2302.o
 .ARM.attributes
                0x000000000000007a       0x2e ./Src/int.o
 .ARM.attributes
                0x00000000000000a8       0x2e ./Src/main.o
 .ARM.attributes
                0x00000000000000d6       0x2e ./Src/onewire.o
 .ARM.attributes
                0x0000000000000104       0x2e ./Src/ports.o
 .ARM.attributes
                0x0000000000000132       0x2e ./Src/projectconf.o
 .ARM.attributes
                0x0000000000000160       0x2e ./Src/systemfunctions.o
 .ARM.attributes
                0x000000000000018e       0x21 ./Startup/startup_stm32f446retx.o
 .ARM.attributes
                0x00000000000001af       0x2e d:/st/stm32cubeide_1.9.0/stm32cubeide/plugins/com.st.stm32cube.ide.mcu.externaltools.gnu-tools-for-stm32.10.3-2021.10.win32_1.0.0.202111181127/tools/bin/../lib/gcc/arm-none-eabi/10.3.1/../../../../arm-none-eabi/lib/thumb/v7e-m/nofp\libc_nano.a(lib_a-init.o)
 .ARM.attributes
                0x00000000000001dd       0x1e d:/st/stm32cubeide_1.9.0/stm32cubeide/plugins/com.st.stm32cube.ide.mcu.externaltools.gnu-tools-for-stm32.10.3-2021.10.win32_1.0.0.202111181127/tools/bin/../lib/gcc/arm-none-eabi/10.3.1/thumb/v7e-m/nofp/crtn.o
OUTPUT(016AM2302.elf elf32-littlearm)
LOAD linker stubs
LOAD d:/st/stm32cubeide_1.9.0/stm32cubeide/plugins/com.st.stm32cube.ide.mcu.externaltools.gnu-tools-for-stm32.10.3-2021.10.win32_1.0.0.202111181127/tools/bin/../lib/gcc/arm-none-eabi/10.3.1/../../../../arm-none-eabi/lib/thumb/v7e-m/nofp\libc.a
LOAD d:/st/stm32cubeide_1.9.0/stm32cubeide/plugins/com.st.stm32cube.ide.mcu.externaltools.gnu-tools-for-stm32.10.3-2021.10.win32_1.0.0.202111181127/tools/bin/../lib/gcc/arm-none-eabi/10.3.1/../../../../arm-none-eabi/lib/thumb/v7e-m/nofp\libm.a
LOAD d:/st/stm32cubeide_1.9.0/stm32cubeide/plugins/com.st.stm32cube.ide.mcu.externaltools.gnu-tools-for-stm32.10.3-2021.10.win32_1.0.0.202111181127/tools/bin/../lib/gcc/arm-none-eabi/10.3.1/thumb/v7e-m/nofp\libgcc.a

.debug_info     0x0000000000000000      0x87f
 .debug_info    0x0000000000000000      0x130 ./Src/am2302.o
 .debug_info    0x0000000000000130       0x9c ./Src/int.o
 .debug_info    0x00000000000001cc      0x18c ./Src/main.o
 .debug_info    0x0000000000000358      0x117 ./Src/onewire.o
 .debug_info    0x000000000000046f      0x14c ./Src/ports.o
 .debug_info    0x00000000000005bb      0x1bf ./Src/projectconf.o
 .debug_info    0x000000000000077a       0xe3 ./Src/systemfunctions.o
 .debug_info    0x000000000000085d       0x22 ./Startup/startup_stm32f446retx.o

.debug_abbrev   0x0000000000000000      0x5bb
 .debug_abbrev  0x0000000000000000       0xdc ./Src/am2302.o
 .debug_abbrev  0x00000000000000dc       0x72 ./Src/int.o
 .debug_abbrev  0x000000000000014e      0x128 ./Src/main.o
 .debug_abbrev  0x0000000000000276       0xcd ./Src/onewire.o
 .debug_abbrev  0x0000000000000343       0xc1 ./Src/ports.o
 .debug_abbrev  0x0000000000000404       0xfa ./Src/projectconf.o
 .debug_abbrev  0x00000000000004fe       0xab ./Src/systemfunctions.o
 .debug_abbrev  0x00000000000005a9       0x12 ./Startup/startup_stm32f446retx.o

.debug_aranges  0x0000000000000000      0x140
 .debug_aranges
                0x0000000000000000       0x20 ./Src/am2302.o
 .debug_aranges
                0x0000000000000020       0x28 ./Src/int.o
 .debug_aranges
                0x0000000000000048       0x28 ./Src/main.o
 .debug_aranges
                0x0000000000000070       0x20 ./Src/onewire.o
 .debug_aranges
                0x0000000000000090       0x28 ./Src/ports.o
 .debug_aranges
                0x00000000000000b8       0x38 ./Src/projectconf.o
 .debug_aranges
                0x00000000000000f0       0x28 ./Src/systemfunctions.o
 .debug_aranges
                0x0000000000000118       0x28 ./Startup/startup_stm32f446retx.o

.debug_ranges   0x0000000000000000       0xc8
 .debug_ranges  0x0000000000000000       0x10 ./Src/am2302.o
 .debug_ranges  0x0000000000000010       0x18 ./Src/int.o
 .debug_ranges  0x0000000000000028       0x18 ./Src/main.o
 .debug_ranges  0x0000000000000040       0x10 ./Src/onewire.o
 .debug_ranges  0x0000000000000050       0x18 ./Src/ports.o
 .debug_ranges  0x0000000000000068       0x28 ./Src/projectconf.o
 .debug_ranges  0x0000000000000090       0x18 ./Src/systemfunctions.o
 .debug_ranges  0x00000000000000a8       0x20 ./Startup/startup_stm32f446retx.o

.debug_macro    0x0000000000000000     0x1258
 .debug_macro   0x0000000000000000       0x94 ./Src/am2302.o
 .debug_macro   0x0000000000000094      0xa78 ./Src/am2302.o
 .debug_macro   0x0000000000000b0c       0x22 ./Src/am2302.o
 .debug_macro   0x0000000000000b2e       0x8e ./Src/am2302.o
 .debug_macro   0x0000000000000bbc       0x51 ./Src/am2302.o
 .debug_macro   0x0000000000000c0d      0x103 ./Src/am2302.o
 .debug_macro   0x0000000000000d10       0x6a ./Src/am2302.o
 .debug_macro   0x0000000000000d7a      0x1df ./Src/am2302.o
 .debug_macro   0x0000000000000f59       0x16 ./Src/am2302.o
 .debug_macro   0x0000000000000f6f       0x6d ./Src/int.o
 .debug_macro   0x0000000000000fdc       0x93 ./Src/main.o
 .debug_macro   0x000000000000106f       0x10 ./Src/main.o
 .debug_macro   0x000000000000107f       0x80 ./Src/onewire.o
 .debug_macro   0x00000000000010ff       0x6d ./Src/ports.o
 .debug_macro   0x000000000000116c       0x76 ./Src/projectconf.o
 .debug_macro   0x00000000000011e2       0x76 ./Src/systemfunctions.o

.debug_line     0x0000000000000000     0x1c4d
 .debug_line    0x0000000000000000      0x442 ./Src/am2302.o
 .debug_line    0x0000000000000442      0x39c ./Src/int.o
 .debug_line    0x00000000000007de      0x42c ./Src/main.o
 .debug_line    0x0000000000000c0a      0x3d3 ./Src/onewire.o
 .debug_line    0x0000000000000fdd      0x3e5 ./Src/ports.o
 .debug_line    0x00000000000013c2      0x42e ./Src/projectconf.o
 .debug_line    0x00000000000017f0      0x3d9 ./Src/systemfunctions.o
 .debug_line    0x0000000000001bc9       0x84 ./Startup/startup_stm32f446retx.o

.debug_str      0x0000000000000000     0x3dd6
 .debug_str     0x0000000000000000     0x3b94 ./Src/am2302.o
                                       0x3d00 (size before relaxing)
 .debug_str     0x0000000000003b94       0x48 ./Src/int.o
                                       0x3c42 (size before relaxing)
 .debug_str     0x0000000000003bdc       0x8d ./Src/main.o
                                       0x3d5d (size before relaxing)
 .debug_str     0x0000000000003c69       0x3c ./Src/onewire.o
                                       0x3ce1 (size before relaxing)
 .debug_str     0x0000000000003ca5       0x31 ./Src/ports.o
                                       0x3c7e (size before relaxing)
 .debug_str     0x0000000000003cd6       0xa7 ./Src/projectconf.o
                                       0x3d44 (size before relaxing)
 .debug_str     0x0000000000003d7d       0x28 ./Src/systemfunctions.o
                                       0x3cba (size before relaxing)
 .debug_str     0x0000000000003da5       0x31 ./Startup/startup_stm32f446retx.o
                                         0xb5 (size before relaxing)

.comment        0x0000000000000000       0x50
 .comment       0x0000000000000000       0x50 ./Src/am2302.o
                                         0x51 (size before relaxing)
 .comment       0x0000000000000050       0x51 ./Src/int.o
 .comment       0x0000000000000050       0x51 ./Src/main.o
 .comment       0x0000000000000050       0x51 ./Src/onewire.o
 .comment       0x0000000000000050       0x51 ./Src/ports.o
 .comment       0x0000000000000050       0x51 ./Src/projectconf.o
 .comment       0x0000000000000050       0x51 ./Src/systemfunctions.o

.debug_frame    0x0000000000000000      0x278
 .debug_frame   0x0000000000000000       0x34 ./Src/am2302.o
 .debug_frame   0x0000000000000034       0x44 ./Src/int.o
 .debug_frame   0x0000000000000078       0x50 ./Src/main.o
 .debug_frame   0x00000000000000c8       0x34 ./Src/onewire.o
 .debug_frame   0x00000000000000fc       0x60 ./Src/ports.o
 .debug_frame   0x000000000000015c       0x98 ./Src/projectconf.o
 .debug_frame   0x00000000000001f4       0x58 ./Src/systemfunctions.o
 .debug_frame   0x000000000000024c       0x2c d:/st/stm32cubeide_1.9.0/stm32cubeide/plugins/com.st.stm32cube.ide.mcu.externaltools.gnu-tools-for-stm32.10.3-2021.10.win32_1.0.0.202111181127/tools/bin/../lib/gcc/arm-none-eabi/10.3.1/../../../../arm-none-eabi/lib/thumb/v7e-m/nofp\libc_nano.a(lib_a-init.o)
